// Jest Snapshot v1, https://goo.gl/fbAQLP

exports[`Render Blogs Page Blogs Page renders correctly with Snapshot 1`] = `
<div>
  <div
    class="container mx-auto px-[20px] md:px-0"
  >
    <div
      class="inner py-6"
    >
      <h1
        class="mb-2 text-2xl font-bold"
      >
        Blog
      </h1>
      <div
        class="page-desc pt-8"
      >
        I will get Posts and show in a list (Nested Comp) - SSR
      </div>
      <div
        class="pt-8"
      >
        <div
          class="flex flex-col gap-6"
        >
          <div
            class="post-item rounded-lg border border-[#222222] p-4"
          >
            <h4
              class="mb-2 text-xl capitalize"
            >
              Title of the post ABC song
            </h4>
            <div
              class="mb-4 text-[#999999]"
            >
              quia et suscipit
suscipit recusandae consequuntur expedita et cum
reprehenderit molestiae ut ut quas totam
nostrum rerum est autem sunt rem eveniet architecto
            </div>
            <a
              class="italic text-[#dddddd] underline hover:text-white"
              href="/blogs/1"
            >
              Read more
            </a>
          </div>
          <div
            class="post-item rounded-lg border border-[#222222] p-4"
          >
            <h4
              class="mb-2 text-xl capitalize"
            >
              Title of the post ABC song 2
            </h4>
            <div
              class="mb-4 text-[#999999]"
            >
              quia et suscipit
suscipit recusandae consequuntur expedita et cum
reprehenderit molestiae ut ut quas totam
nostrum rerum est autem sunt rem eveniet architecto
            </div>
            <a
              class="italic text-[#dddddd] underline hover:text-white"
              href="/blogs/2"
            >
              Read more
            </a>
          </div>
          <div
            class="post-item rounded-lg border border-[#222222] p-4"
          >
            <h4
              class="mb-2 text-xl capitalize"
            >
              Title of the post ABC song 3
            </h4>
            <div
              class="mb-4 text-[#999999]"
            >
              quia et suscipit
suscipit recusandae consequuntur expedita et cum
reprehenderit molestiae ut ut quas totam
nostrum rerum est autem sunt rem eveniet architecto
            </div>
            <a
              class="italic text-[#dddddd] underline hover:text-white"
              href="/blogs/3"
            >
              Read more
            </a>
          </div>
        </div>
      </div>
    </div>
  </div>
</div>
`;
